// Jest Snapshot v1, https://goo.gl/fbAQLP

exports[`rendering the app component 1`] = `ShallowWrapper {}`;
